// Vitest Snapshot v1, https://vitest.dev/guide/snapshot.html

exports[`PostMetadata component > should match snapshot 1`] = `
<div>
  <div
    class="pb-2"
  >
    <h1>
      very very long test post
    </h1>
    <span
      class="timestamp"
    >
      January 1, 1970
    </span>
  </div>
  ,
</div>
`;
