// Vitest Snapshot v1, https://vitest.dev/guide/snapshot.html

exports[`PostMetadata component > should match snapshot 1`] = `
<div>
  <div
    class="d-flex justify-content-between gap-3"
  >
    <h1>
      very very long test post
    </h1>
    <label
      class="timestamp"
    >
      January 1, 1970
    </label>
  </div>
  ,
</div>
`;
