// Vitest Snapshot v1, https://vitest.dev/guide/snapshot.html

exports[`Navbar component > should match snapshot 1`] = `
<div>
  <div
    class="flex items-center justify-between py-4"
  >
    <div />
    <div
      class="flex flex-row-reverse items-center gap-3"
    >
      <div />
    </div>
  </div>
  <div
    class="separator w-100 mb-3"
  />
</div>
`;
