// Vitest Snapshot v1, https://vitest.dev/guide/snapshot.html

exports[`Spinner component > should render spinner 1`] = `
<div>
  <div
    class="flex justify-center"
  >
    <img
      alt="Loading..."
      class="w-12 animate-spin"
      src="/src/assets/images/spinner.svg"
    />
  </div>
</div>
`;
