// Vitest Snapshot v1, https://vitest.dev/guide/snapshot.html

exports[`Frame component > should always render child elements 1`] = `
<div>
  <div
    class="container mx-auto px-4 sm:max-w-[50rem] lg:px-0 lg:py-2"
  >
    <div
      class="flex items-center justify-between py-4"
    >
      <a
        class="link"
        href="/blog"
      >
        <img
          alt="László Borbély - Full-Stack Software Engineer"
          class="w-12"
          src="/src/assets/images/logo.svg"
        />
      </a>
      <div
        class="flex flex-row-reverse items-center gap-3"
      >
        <a
          class="link"
          href="/contact"
        >
          Contact
        </a>
        <a
          class="link"
          href="/blog"
        >
          Blog
        </a>
      </div>
    </div>
    <div
      class="separator w-100 mb-3"
    />
    child
  </div>
  ,
</div>
`;
